/home/lfrecalde/anaconda3/envs/cv_cuda/lib/python3.9/site-packages/torch/cuda/__init__.py:129: UserWarning: CUDA initialization: CUDA unknown error - this may be due to an incorrectly set up environment, e.g. changing env variable CUDA_VISIBLE_DEVICES after program start. Setting the available devices to be zero. (Triggered internally at /opt/conda/conda-bld/pytorch_1729647327249/work/c10/cuda/CUDAFunctions.cpp:108.)
  return torch._C._cuda_getDeviceCount() > 0
/home/lfrecalde/Lectures/computer_vision/Sfm_and_Nerf/Phase2/Wrapper.py:340: FutureWarning: You are using `torch.load` with `weights_only=False` (the current default value), which uses the default pickle module implicitly. It is possible to construct malicious pickle data which will execute arbitrary code during unpickling (See https://github.com/pytorch/pytorch/blob/main/SECURITY.md#untrusted-models for more details). In a future release, the default value for `weights_only` will be flipped to `True`. This limits the functions that could be executed during unpickling. Arbitrary objects will no longer be allowed to be loaded via this mode unless they are explicitly allowlisted by the user via `torch.serialization.add_safe_globals`. We recommend you start setting `weights_only=True` for any use case where you don't have full control of the loaded file. Please open an issue on GitHub for any issues related to this experimental feature.
  torch.load(os.path.join(args.checkpoint_path, "best_model.pt"))
Running on Deivce:  cpu
Loading data...
Check arguments
gif
ship
10
4
True
Start gif
True
Traceback (most recent call last):
  File "/home/lfrecalde/Lectures/computer_vision/Sfm_and_Nerf/Phase2/Wrapper.py", line 487, in <module>
    main(args)
  File "/home/lfrecalde/Lectures/computer_vision/Sfm_and_Nerf/Phase2/Wrapper.py", line 422, in main
    gif_test(args)
  File "/home/lfrecalde/Lectures/computer_vision/Sfm_and_Nerf/Phase2/Wrapper.py", line 340, in gif_test
    torch.load(os.path.join(args.checkpoint_path, "best_model.pt"))
  File "/home/lfrecalde/anaconda3/envs/cv_cuda/lib/python3.9/site-packages/torch/serialization.py", line 1360, in load
    return _load(
  File "/home/lfrecalde/anaconda3/envs/cv_cuda/lib/python3.9/site-packages/torch/serialization.py", line 1848, in _load
    result = unpickler.load()
  File "/home/lfrecalde/anaconda3/envs/cv_cuda/lib/python3.9/site-packages/torch/serialization.py", line 1812, in persistent_load
    typed_storage = load_tensor(
  File "/home/lfrecalde/anaconda3/envs/cv_cuda/lib/python3.9/site-packages/torch/serialization.py", line 1784, in load_tensor
    wrap_storage=restore_location(storage, location),
  File "/home/lfrecalde/anaconda3/envs/cv_cuda/lib/python3.9/site-packages/torch/serialization.py", line 601, in default_restore_location
    result = fn(storage, location)
  File "/home/lfrecalde/anaconda3/envs/cv_cuda/lib/python3.9/site-packages/torch/serialization.py", line 539, in _deserialize
    device = _validate_device(location, backend_name)
  File "/home/lfrecalde/anaconda3/envs/cv_cuda/lib/python3.9/site-packages/torch/serialization.py", line 508, in _validate_device
    raise RuntimeError(
RuntimeError: Attempting to deserialize object on a CUDA device but torch.cuda.is_available() is False. If you are running on a CPU-only machine, please use torch.load with map_location=torch.device('cpu') to map your storages to the CPU.
